// Jest Snapshot v1, https://goo.gl/fbAQLP

exports[`CreateUserCredentials Component should render a text input for the Secret Name 1`] = `
<Connect(Form(CreateUserCredentials))
  destroyOnUnmount={true}
  enableReinitialize={false}
  forceUnregisterOnUnmount={false}
  form="CreateUserCredentials"
  getFormState={[Function]}
  keepDirtyOnReinitialize={false}
  persistentSubmitErrors={false}
  pure={true}
  shouldAsyncValidate={[Function]}
  shouldValidate={[Function]}
  touchOnBlur={true}
  touchOnChange={false}
/>
`;
